⚠ [3056/3118] Replayed AFPBarrier.LocalSphericalFeasibility
warning: AFPBarrier/LocalSphericalFeasibility.lean:43:0: automatically included section variable(s) unused in theorem `AFPBarrier.scaledSphericalRowRate_nonneg`:
  [Fintype ι]
consider restructuring your `variable` declarations so that the variables are not in scope or explicitly omit them:
  omit [Fintype ι] in theorem ...

Note: This linter can be disabled with `set_option linter.unusedSectionVars false`
warning: AFPBarrier/LocalSphericalFeasibility.lean:56:0: automatically included section variable(s) unused in theorem `AFPBarrier.scaledSphericalRowRate_pos`:
  [Fintype ι]
consider restructuring your `variable` declarations so that the variables are not in scope or explicitly omit them:
  omit [Fintype ι] in theorem ...

Note: This linter can be disabled with `set_option linter.unusedSectionVars false`
warning: AFPBarrier/LocalSphericalFeasibility.lean:67:0: automatically included section variable(s) unused in theorem `AFPBarrier.scaledSphericalRowRate_tangent_balance`:
  [Fintype κ]
consider restructuring your `variable` declarations so that the variables are not in scope or explicitly omit them:
  omit [Fintype κ] in theorem ...

Note: This linter can be disabled with `set_option linter.unusedSectionVars false`
warning: AFPBarrier/LocalSphericalFeasibility.lean:133:0: automatically included section variable(s) unused in theorem `AFPBarrier.tangentDependenceWeight_nonneg`:
  [Fintype ι]
consider restructuring your `variable` declarations so that the variables are not in scope or explicitly omit them:
  omit [Fintype ι] in theorem ...

Note: This linter can be disabled with `set_option linter.unusedSectionVars false`
warning: AFPBarrier/LocalSphericalFeasibility.lean:143:0: automatically included section variable(s) unused in theorem `AFPBarrier.tangentDependenceWeight_balance`:
  [Fintype κ]
consider restructuring your `variable` declarations so that the variables are not in scope or explicitly omit them:
  omit [Fintype κ] in theorem ...

Note: This linter can be disabled with `set_option linter.unusedSectionVars false`
⚠ [3065/3118] Replayed AFPBarrier.SphericalFeasibilityAlgebra
warning: AFPBarrier/SphericalFeasibilityAlgebra.lean:62:0: automatically included section variable(s) unused in theorem `AFPBarrier.scaledSphericalRowRate_eq_commonScale`:
  [Fintype ι]
consider restructuring your `variable` declarations so that the variables are not in scope or explicitly omit them:
  omit [Fintype ι] in theorem ...

Note: This linter can be disabled with `set_option linter.unusedSectionVars false`
⚠ [3067/3118] Replayed AFPBarrier.GlobalSharedEdgeDuality
warning: AFPBarrier/GlobalSharedEdgeDuality.lean:31:0: automatically included section variable(s) unused in theorem `AFPBarrier.sharedEdgeDualWork_swap`:
  [Fintype ε]
consider restructuring your `variable` declarations so that the variables are not in scope or explicitly omit them:
  omit [Fintype ε] in theorem ...

Note: This linter can be disabled with `set_option linter.unusedSectionVars false`
warning: AFPBarrier/GlobalSharedEdgeDuality.lean:45:8: automatically included section variable(s) unused in theorem `AFPBarrier.sharedEdgeDualWork_constant`:
  [Fintype ε]
consider restructuring your `variable` declarations so that the variables are not in scope or explicitly omit them:
  omit [Fintype ε] in theorem ...

Note: This linter can be disabled with `set_option linter.unusedSectionVars false`
warning: AFPBarrier/GlobalSharedEdgeDuality.lean:56:0: automatically included section variable(s) unused in theorem `AFPBarrier.sharedEdgeDualWork_radial`:
  [Fintype ε]
consider restructuring your `variable` declarations so that the variables are not in scope or explicitly omit them:
  omit [Fintype ε] in theorem ...

Note: This linter can be disabled with `set_option linter.unusedSectionVars false`
warning: AFPBarrier/GlobalSharedEdgeDuality.lean:95:0: automatically included section variable(s) unused in theorem `AFPBarrier.positiveLPDualSlack_nonneg`:
  [Fintype σ]
consider restructuring your `variable` declarations so that the variables are not in scope or explicitly omit them:
  omit [Fintype σ] in theorem ...

Note: This linter can be disabled with `set_option linter.unusedSectionVars false`
⚠ [3068/3118] Replayed AFPBarrier.SpectralProductAlgebra
warning: AFPBarrier/SpectralProductAlgebra.lean:152:56: Used `tac1 <;> tac2` where `(tac1; tac2)` would suffice

Note: This linter can be disabled with `set_option linter.unnecessarySeqFocus false`
warning: AFPBarrier/SpectralProductAlgebra.lean:167:55: Used `tac1 <;> tac2` where `(tac1; tac2)` would suffice

Note: This linter can be disabled with `set_option linter.unnecessarySeqFocus false`
⚠ [3069/3118] Replayed AFPBarrier.SpectralSamplingObstruction
warning: AFPBarrier/SpectralSamplingObstruction.lean:27:0: automatically included section variable(s) unused in theorem `AFPBarrier.spectralSampledSpaces_iSupIndep`:
  [Fintype J]
  [DecidableEq J]
consider restructuring your `variable` declarations so that the variables are not in scope or explicitly omit them:
  omit [Fintype J] [DecidableEq J] in theorem ...

Note: This linter can be disabled with `set_option linter.unusedSectionVars false`
warning: AFPBarrier/SpectralSamplingObstruction.lean:153:0: automatically included section variable(s) unused in theorem `AFPBarrier.internalScalarOperator_apply_of_mem`:
  [Fintype J]
consider restructuring your `variable` declarations so that the variables are not in scope or explicitly omit them:
  omit [Fintype J] in theorem ...

Note: This linter can be disabled with `set_option linter.unusedSectionVars false`
⚠ [3073/3118] Replayed AFPBarrier.EqualAngleProduct
warning: AFPBarrier/EqualAngleProduct.lean:147:20: unused variable `hv`

Note: This linter can be disabled with `set_option linter.unusedVariables false`
⚠ [3075/3118] Replayed AFPBarrier.ExactLocalRows
warning: AFPBarrier/ExactLocalRows.lean:192:0: automatically included section variable(s) unused in theorem `AFPBarrier.normalizedTangentWeight_balance`:
  [Fintype κ]
consider restructuring your `variable` declarations so that the variables are not in scope or explicitly omit them:
  omit [Fintype κ] in theorem ...

Note: This linter can be disabled with `set_option linter.unusedSectionVars false`
⚠ [3076/3118] Replayed AFPBarrier.AntipodalFeasibility
warning: AFPBarrier/AntipodalFeasibility.lean:71:0: automatically included section variable(s) unused in theorem `AFPBarrier.rowRateFromTangentWeight_nonneg`:
  [Fintype ι]
consider restructuring your `variable` declarations so that the variables are not in scope or explicitly omit them:
  omit [Fintype ι] in theorem ...

Note: This linter can be disabled with `set_option linter.unusedSectionVars false`
warning: AFPBarrier/AntipodalFeasibility.lean:79:0: automatically included section variable(s) unused in theorem `AFPBarrier.rowRateFromTangentWeight_pos`:
  [Fintype ι]
consider restructuring your `variable` declarations so that the variables are not in scope or explicitly omit them:
  omit [Fintype ι] in theorem ...

Note: This linter can be disabled with `set_option linter.unusedSectionVars false`
warning: AFPBarrier/AntipodalFeasibility.lean:87:0: automatically included section variable(s) unused in theorem `AFPBarrier.rowRateFromTangentWeight_balance`:
  [Fintype κ]
consider restructuring your `variable` declarations so that the variables are not in scope or explicitly omit them:
  omit [Fintype κ] in theorem ...

Note: This linter can be disabled with `set_option linter.unusedSectionVars false`
warning: AFPBarrier/AntipodalFeasibility.lean:124:0: automatically included section variable(s) unused in theorem `AFPBarrier.rowRateFromTangentDependenceWeight`:
  [Fintype ι]
consider restructuring your `variable` declarations so that the variables are not in scope or explicitly omit them:
  omit [Fintype ι] in theorem ...

Note: This linter can be disabled with `set_option linter.unusedSectionVars false`
info: AFPBarrier/AntipodalFeasibility.lean:179:30: Try this:
  [apply] ring_nf

  The `ring` tactic failed to close the goal. Use `ring_nf` to obtain a normal form.

  Note that `ring` works primarily in *commutative* rings. If you have a noncommutative ring, abelian group or module, consider using `noncomm_ring`, `abel` or `module` instead.
warning: AFPBarrier/AntipodalFeasibility.lean:179:26: Used `tac1 <;> tac2` where `(tac1; tac2)` would suffice

Note: This linter can be disabled with `set_option linter.unnecessarySeqFocus false`
info: AFPBarrier/AntipodalFeasibility.lean:210:32: Try this:
  [apply] ring_nf

  The `ring` tactic failed to close the goal. Use `ring_nf` to obtain a normal form.

  Note that `ring` works primarily in *commutative* rings. If you have a noncommutative ring, abelian group or module, consider using `noncomm_ring`, `abel` or `module` instead.
warning: AFPBarrier/AntipodalFeasibility.lean:210:28: Used `tac1 <;> tac2` where `(tac1; tac2)` would suffice

Note: This linter can be disabled with `set_option linter.unnecessarySeqFocus false`
warning: AFPBarrier/AntipodalFeasibility.lean:294:0: automatically included section variable(s) unused in theorem `AFPBarrier.scaledAntipodalAllocation_nonneg`:
  [Fintype ν]
consider restructuring your `variable` declarations so that the variables are not in scope or explicitly omit them:
  omit [Fintype ν] in theorem ...

Note: This linter can be disabled with `set_option linter.unusedSectionVars false`
warning: AFPBarrier/AntipodalFeasibility.lean:303:0: automatically included section variable(s) unused in theorem `AFPBarrier.scaledAntipodalAllocation_pos`:
  [Fintype ν]
consider restructuring your `variable` declarations so that the variables are not in scope or explicitly omit them:
  omit [Fintype ν] in theorem ...

Note: This linter can be disabled with `set_option linter.unusedSectionVars false`
⚠ [3079/3118] Replayed AFPBarrier.ReversibleConductance
warning: AFPBarrier/ReversibleConductance.lean:29:0: automatically included section variable(s) unused in theorem `AFPBarrier.conductanceRate_nonneg`:
  [Fintype ι]
  [DecidableEq ι]
consider restructuring your `variable` declarations so that the variables are not in scope or explicitly omit them:
  omit [Fintype ι] [DecidableEq ι] in theorem ...

Note: This linter can be disabled with `set_option linter.unusedSectionVars false`
warning: AFPBarrier/ReversibleConductance.lean:38:0: automatically included section variable(s) unused in theorem `AFPBarrier.conductanceRate_detailedBalance`:
  [Fintype ι]
  [DecidableEq ι]
consider restructuring your `variable` declarations so that the variables are not in scope or explicitly omit them:
  omit [Fintype ι] [DecidableEq ι] in theorem ...

Note: This linter can be disabled with `set_option linter.unusedSectionVars false`
warning: AFPBarrier/ReversibleConductance.lean:53:0: automatically included section variable(s) unused in theorem `AFPBarrier.weightedAdjointRate_conductanceRate_eq`:
  [Fintype ι]
  [DecidableEq ι]
consider restructuring your `variable` declarations so that the variables are not in scope or explicitly omit them:
  omit [Fintype ι] [DecidableEq ι] in theorem ...

Note: This linter can be disabled with `set_option linter.unusedSectionVars false`
⚠ [3080/3118] Replayed AFPBarrier.SharedEdgeEquilibrium
warning: AFPBarrier/SharedEdgeEquilibrium.lean:35:0: automatically included section variable(s) unused in theorem `AFPBarrier.sharedEdgeColumn_swap`:
  [Fintype ι]
  [Fintype κ]
  [Fintype ε]
consider restructuring your `variable` declarations so that the variables are not in scope or explicitly omit them:
  omit [Fintype ι] [Fintype κ] [Fintype ε] in theorem ...

Note: This linter can be disabled with `set_option linter.unusedSectionVars false`
warning: AFPBarrier/SharedEdgeEquilibrium.lean:45:0: automatically included section variable(s) unused in theorem `AFPBarrier.sharedEdgeColumn_nodeSum_zero`:
  [Fintype κ]
  [Fintype ε]
consider restructuring your `variable` declarations so that the variables are not in scope or explicitly omit them:
  omit [Fintype κ] [Fintype ε] in theorem ...

Note: This linter can be disabled with `set_option linter.unusedSectionVars false`
warning: AFPBarrier/SharedEdgeEquilibrium.lean:51:52: This simp argument is unused:
  h

Hint: Omit it from the simp argument list.
  simp [sharedEdgeColumn, Finset.sum_add_distrib,̵ ̵h̵]

Note: This linter can be disabled with `set_option linter.unusedSimpArgs false`
⚠ [3082/3118] Replayed AFPBarrier.SphericalNetScaling
warning: AFPBarrier/SphericalNetScaling.lean:160:23: Used `tac1 <;> tac2` where `(tac1; tac2)` would suffice

Note: This linter can be disabled with `set_option linter.unnecessarySeqFocus false`
warning: AFPBarrier/SphericalNetScaling.lean:162:23: Used `tac1 <;> tac2` where `(tac1; tac2)` would suffice

Note: This linter can be disabled with `set_option linter.unnecessarySeqFocus false`
⚠ [3085/3118] Replayed AFPBarrier.ExplicitEulerTransport
warning: AFPBarrier/ExplicitEulerTransport.lean:91:8: automatically included section variable(s) unused in theorem `AFPBarrier.unitAt_self`:
  [Fintype ι]
consider restructuring your `variable` declarations so that the variables are not in scope or explicitly omit them:
  omit [Fintype ι] in theorem ...

Note: This linter can be disabled with `set_option linter.unusedSectionVars false`
warning: AFPBarrier/ExplicitEulerTransport.lean:94:8: automatically included section variable(s) unused in theorem `AFPBarrier.unitAt_of_ne`:
  [Fintype ι]
consider restructuring your `variable` declarations so that the variables are not in scope or explicitly omit them:
  omit [Fintype ι] in theorem ...

Note: This linter can be disabled with `set_option linter.unusedSectionVars false`
⚠ [3086/3118] Replayed AFPBarrier.CompleteGraph
warning: AFPBarrier/CompleteGraph.lean:25:27: unused variable `i`

Note: This linter can be disabled with `set_option linter.unusedVariables false`
warning: AFPBarrier/CompleteGraph.lean:33:8: automatically included section variable(s) unused in theorem `AFPBarrier.completeConductance_symm`:
  [DecidableEq ι]
consider restructuring your `variable` declarations so that the variables are not in scope or explicitly omit them:
  omit [DecidableEq ι] in theorem ...

Note: This linter can be disabled with `set_option linter.unusedSectionVars false`
warning: AFPBarrier/CompleteGraph.lean:41:0: automatically included section variable(s) unused in theorem `AFPBarrier.conductanceRate_completeConductance_eq_completeRate`:
  [DecidableEq ι]
consider restructuring your `variable` declarations so that the variables are not in scope or explicitly omit them:
  omit [DecidableEq ι] in theorem ...

Note: This linter can be disabled with `set_option linter.unusedSectionVars false`
warning: AFPBarrier/CompleteGraph.lean:93:0: automatically included section variable(s) unused in theorem `AFPBarrier.completeRate_pos`:
  [DecidableEq ι]
consider restructuring your `variable` declarations so that the variables are not in scope or explicitly omit them:
  omit [DecidableEq ι] in theorem ...

Note: This linter can be disabled with `set_option linter.unusedSectionVars false`
warning: AFPBarrier/CompleteGraph.lean:104:0: automatically included section variable(s) unused in theorem `AFPBarrier.completeConductance_pos`:
  [DecidableEq ι]
consider restructuring your `variable` declarations so that the variables are not in scope or explicitly omit them:
  omit [DecidableEq ι] in theorem ...

Note: This linter can be disabled with `set_option linter.unusedSectionVars false`
⚠ [3087/3118] Replayed AFPBarrier.GroupAveraging
warning: AFPBarrier/GroupAveraging.lean:63:0: automatically included section variable(s) unused in theorem `AFPBarrier.coordinateBalance_averagedConductance`:
  [Fintype κ]
consider restructuring your `variable` declarations so that the variables are not in scope or explicitly omit them:
  omit [Fintype κ] in theorem ...

Note: This linter can be disabled with `set_option linter.unusedSectionVars false`
warning: AFPBarrier/GroupAveraging.lean:83:0: automatically included section variable(s) unused in theorem `AFPBarrier.averagedConductance_nonneg`:
  [Fintype ι]
consider restructuring your `variable` declarations so that the variables are not in scope or explicitly omit them:
  omit [Fintype ι] in theorem ...

Note: This linter can be disabled with `set_option linter.unusedSectionVars false`
warning: AFPBarrier/GroupAveraging.lean:89:0: automatically included section variable(s) unused in theorem `AFPBarrier.averagedConductance_symm`:
  [Fintype ι]
consider restructuring your `variable` declarations so that the variables are not in scope or explicitly omit them:
  omit [Fintype ι] in theorem ...

Note: This linter can be disabled with `set_option linter.unusedSectionVars false`
warning: AFPBarrier/GroupAveraging.lean:134:0: automatically included section variable(s) unused in theorem `AFPBarrier.groupOrbitAverage_invariant`:
  [Fintype ι]
consider restructuring your `variable` declarations so that the variables are not in scope or explicitly omit them:
  omit [Fintype ι] in theorem ...

Note: This linter can be disabled with `set_option linter.unusedSectionVars false`
warning: AFPBarrier/GroupAveraging.lean:198:0: automatically included section variable(s) unused in theorem `AFPBarrier.groupOrbitAverage_eq_zero_of_not_relation`:
  [Fintype ι]
consider restructuring your `variable` declarations so that the variables are not in scope or explicitly omit them:
  omit [Fintype ι] in theorem ...

Note: This linter can be disabled with `set_option linter.unusedSectionVars false`
⚠ [3089/3118] Replayed AFPBarrier.ScalingCompatibility
warning: AFPBarrier/ScalingCompatibility.lean:22:0: automatically included section variable(s) unused in theorem `AFPBarrier.conductanceRate_common_scale`:
  [Fintype ι]
  [DecidableEq ι]
consider restructuring your `variable` declarations so that the variables are not in scope or explicitly omit them:
  omit [Fintype ι] [DecidableEq ι] in theorem ...

Note: This linter can be disabled with `set_option linter.unusedSectionVars false`
warning: AFPBarrier/ScalingCompatibility.lean:45:0: automatically included section variable(s) unused in theorem `AFPBarrier.equilibrium_common_scale`:
  [DecidableEq ι]
consider restructuring your `variable` declarations so that the variables are not in scope or explicitly omit them:
  omit [DecidableEq ι] in theorem ...

Note: This linter can be disabled with `set_option linter.unusedSectionVars false`
⚠ [3090/3118] Replayed AFPBarrier.NormalizationAudit
warning: AFPBarrier/NormalizationAudit.lean:53:0: automatically included section variable(s) unused in theorem `AFPBarrier.minus_two_and_minus_four_balance_incompatible`:
  [DecidableEq ι]
consider restructuring your `variable` declarations so that the variables are not in scope or explicitly omit them:
  omit [DecidableEq ι] in theorem ...

Note: This linter can be disabled with `set_option linter.unusedSectionVars false`
⚠ [3092/3118] Replayed AFPBarrier.ConvexGeneratorDesign
warning: AFPBarrier/ConvexGeneratorDesign.lean:64:0: automatically included section variable(s) unused in theorem `AFPBarrier.conductanceMix_nonneg`:
  [Fintype E]
  [DecidableEq E]
consider restructuring your `variable` declarations so that the variables are not in scope or explicitly omit them:
  omit [Fintype E] [DecidableEq E] in theorem ...

Note: This linter can be disabled with `set_option linter.unusedSectionVars false`
warning: AFPBarrier/ConvexGeneratorDesign.lean:76:0: automatically included section variable(s) unused in theorem `AFPBarrier.sharedEdgeApply_conductanceMix`:
  [Fintype I]
  [DecidableEq E]
  [Fintype K]
  [DecidableEq K]
consider restructuring your `variable` declarations so that the variables are not in scope or explicitly omit them:
  omit [Fintype I] [DecidableEq E] [Fintype K] [DecidableEq K] in theorem ...

Note: This linter can be disabled with `set_option linter.unusedSectionVars false`
warning: AFPBarrier/ConvexGeneratorDesign.lean:107:0: automatically included section variable(s) unused in theorem `AFPBarrier.finiteMatrixApply_conductanceMix_le`:
  [DecidableEq E]
  [Fintype R]
  [DecidableEq R]
consider restructuring your `variable` declarations so that the variables are not in scope or explicitly omit them:
  omit [DecidableEq E] [Fintype R] [DecidableEq R] in theorem ...

Note: This linter can be disabled with `set_option linter.unusedSectionVars false`
warning: AFPBarrier/ConvexGeneratorDesign.lean:145:0: automatically included section variable(s) unused in theorem `AFPBarrier.affineShellResidual_conductanceMix`:
  [DecidableEq E]
  [Fintype R]
  [DecidableEq R]
consider restructuring your `variable` declarations so that the variables are not in scope or explicitly omit them:
  omit [DecidableEq E] [Fintype R] [DecidableEq R] in theorem ...

Note: This linter can be disabled with `set_option linter.unusedSectionVars false`
warning: AFPBarrier/ConvexGeneratorDesign.lean:178:0: automatically included section variable(s) unused in theorem `AFPBarrier.sum_incidentLossMass`:
  [DecidableEq E]
consider restructuring your `variable` declarations so that the variables are not in scope or explicitly omit them:
  omit [DecidableEq E] in theorem ...

Note: This linter can be disabled with `set_option linter.unusedSectionVars false`
warning: AFPBarrier/ConvexGeneratorDesign.lean:236:0: automatically included section variable(s) unused in theorem `AFPBarrier.totalConductance_fixed_of_constantLoss`:
  [DecidableEq E]
consider restructuring your `variable` declarations so that the variables are not in scope or explicitly omit them:
  omit [DecidableEq E] in theorem ...

Note: This linter can be disabled with `set_option linter.unusedSectionVars false`
warning: AFPBarrier/ConvexGeneratorDesign.lean:261:0: automatically included section variable(s) unused in theorem `AFPBarrier.rateCapped_dualWork_nonneg`:
  [DecidableEq E]
  [DecidableEq R]
  [DecidableEq S]
consider restructuring your `variable` declarations so that the variables are not in scope or explicitly omit them:
  omit [DecidableEq E] [DecidableEq R] [DecidableEq S] in theorem ...

Note: This linter can be disabled with `set_option linter.unusedSectionVars false`
⚠ [3094/3118] Replayed AFPBarrier.SpatialUpwindTransport
warning: AFPBarrier/SpatialUpwindTransport.lean:80:5: unused variable `habsorption`

Note: This linter can be disabled with `set_option linter.unusedVariables false`
⚠ [3095/3118] Replayed AFPBarrier.MultigroupTransfer
warning: AFPBarrier/MultigroupTransfer.lean:39:0: automatically included section variable(s) unused in theorem `AFPBarrier.sum_multigroupTransfer_eq_zero`:
  [DecidableEq ι]
consider restructuring your `variable` declarations so that the variables are not in scope or explicitly omit them:
  omit [DecidableEq ι] in theorem ...

Note: This linter can be disabled with `set_option linter.unusedSectionVars false`
warning: AFPBarrier/MultigroupTransfer.lean:66:0: automatically included section variable(s) unused in theorem `AFPBarrier.multigroupEulerStep_eq_positive_form`:
  [DecidableEq ι]
consider restructuring your `variable` declarations so that the variables are not in scope or explicitly omit them:
  omit [DecidableEq ι] in theorem ...

Note: This linter can be disabled with `set_option linter.unusedSectionVars false`
warning: AFPBarrier/MultigroupTransfer.lean:150:0: automatically included section variable(s) unused in theorem `AFPBarrier.weighted_sum_multigroupTransfer_eq_neg_deposition`:
  [DecidableEq ι]
consider restructuring your `variable` declarations so that the variables are not in scope or explicitly omit them:
  omit [DecidableEq ι] in theorem ...

Note: This linter can be disabled with `set_option linter.unusedSectionVars false`
⚠ [3098/3118] Replayed AFPBarrier.QuadraticFidelityConstruction
warning: AFPBarrier/QuadraticFidelityConstruction.lean:34:0: automatically included section variable(s) unused in theorem `AFPBarrier.construction_constant_reproduction`:
  [DecidableEq J]
consider restructuring your `variable` declarations so that the variables are not in scope or explicitly omit them:
  omit [DecidableEq J] in theorem ...

Note: This linter can be disabled with `set_option linter.unusedSectionVars false`
warning: AFPBarrier/QuadraticFidelityConstruction.lean:41:0: automatically included section variable(s) unused in theorem `AFPBarrier.construction_increment_decomposition`:
  [Fintype J]
  [DecidableEq J]
  [Fintype K]
  [DecidableEq K]
consider restructuring your `variable` declarations so that the variables are not in scope or explicitly omit them:
  omit [Fintype J] [DecidableEq J] [Fintype K] [DecidableEq K] in theorem ...

Note: This linter can be disabled with `set_option linter.unusedSectionVars false`
warning: AFPBarrier/QuadraticFidelityConstruction.lean:126:0: automatically included section variable(s) unused in theorem `AFPBarrier.unnormalizedMomentSum_div_mass_entry`:
  [DecidableEq J]
consider restructuring your `variable` declarations so that the variables are not in scope or explicitly omit them:
  omit [DecidableEq J] in theorem ...

Note: This linter can be disabled with `set_option linter.unusedSectionVars false`
warning: AFPBarrier/QuadraticFidelityConstruction.lean:141:0: automatically included section variable(s) unused in theorem `AFPBarrier.constructionCorrection_closes`:
  [Fintype I]
  [DecidableEq I]
  [Fintype K]
  [DecidableEq K]
  [DecidableEq E]
consider restructuring your `variable` declarations so that the variables are not in scope or explicitly omit them:
  omit [Fintype I] [DecidableEq I] [Fintype K] [DecidableEq K] [DecidableEq E] in theorem ...

Note: This linter can be disabled with `set_option linter.unusedSectionVars false`
warning: AFPBarrier/QuadraticFidelityConstruction.lean:151:0: automatically included section variable(s) unused in theorem `AFPBarrier.constructionCorrection_force_zero`:
  [Fintype I]
  [DecidableEq I]
  [Fintype K]
  [DecidableEq K]
  [DecidableEq E]
consider restructuring your `variable` declarations so that the variables are not in scope or explicitly omit them:
  omit [Fintype I] [DecidableEq I] [Fintype K] [DecidableEq K] [DecidableEq E] in theorem ...

Note: This linter can be disabled with `set_option linter.unusedSectionVars false`
warning: AFPBarrier/QuadraticFidelityConstruction.lean:178:8: Used `tac1 <;> tac2` where `(tac1; tac2)` would suffice

Note: This linter can be disabled with `set_option linter.unnecessarySeqFocus false`
warning: AFPBarrier/QuadraticFidelityConstruction.lean:187:5: unused variable `ha`

Note: This linter can be disabled with `set_option linter.unusedVariables false`
warning: AFPBarrier/QuadraticFidelityConstruction.lean:187:18: unused variable `hb`

Note: This linter can be disabled with `set_option linter.unusedVariables false`
warning: AFPBarrier/QuadraticFidelityConstruction.lean:187:31: unused variable `hp`

Note: This linter can be disabled with `set_option linter.unusedVariables false`
warning: AFPBarrier/QuadraticFidelityConstruction.lean:187:44: unused variable `hq`

Note: This linter can be disabled with `set_option linter.unusedVariables false`
warning: AFPBarrier/QuadraticFidelityConstruction.lean:198:10: Used `tac1 <;> tac2` where `(tac1; tac2)` would suffice

Note: This linter can be disabled with `set_option linter.unnecessarySeqFocus false`
warning: AFPBarrier/QuadraticFidelityConstruction.lean:210:0: automatically included section variable(s) unused in theorem `AFPBarrier.chordMass_outgoingConductance_bound`:
  [DecidableEq J]
consider restructuring your `variable` declarations so that the variables are not in scope or explicitly omit them:
  omit [DecidableEq J] in theorem ...

Note: This linter can be disabled with `set_option linter.unusedSectionVars false`
⚠ [3099/3118] Replayed AFPBarrier.QuadraticSampling
warning: AFPBarrier/QuadraticSampling.lean:41:0: automatically included section variable(s) unused in theorem `AFPBarrier.sampledResidual_factorization`:
  [Fintype ι]
consider restructuring your `variable` declarations so that the variables are not in scope or explicitly omit them:
  omit [Fintype ι] in theorem ...

Note: This linter can be disabled with `set_option linter.unusedSectionVars false`
warning: AFPBarrier/QuadraticSampling.lean:47:0: automatically included section variable(s) unused in theorem `AFPBarrier.samplingKernel_subset_formExact`:
  [Fintype ι]
consider restructuring your `variable` declarations so that the variables are not in scope or explicitly omit them:
  omit [Fintype ι] in theorem ...

Note: This linter can be disabled with `set_option linter.unusedSectionVars false`
warning: AFPBarrier/QuadraticSampling.lean:59:0: automatically included section variable(s) unused in theorem `AFPBarrier.sampledExact_iff_range_inter_targetKernel`:
  [Fintype ι]
consider restructuring your `variable` declarations so that the variables are not in scope or explicitly omit them:
  omit [Fintype ι] in theorem ...

Note: This linter can be disabled with `set_option linter.unusedSectionVars false`
⚠ [3101/3118] Replayed AFPBarrier.QuadraticSphereResidual
warning: AFPBarrier/QuadraticSphereResidual.lean:28:14: unused variable `A`

Note: This linter can be disabled with `set_option linter.unusedVariables false`
warning: AFPBarrier/QuadraticSphereResidual.lean:42:0: automatically included section variable(s) unused in theorem `AFPBarrier.matrixFrobeniusPairing_eq_trace_mul_of_isSymm_right`:
  [DecidableEq K]
consider restructuring your `variable` declarations so that the variables are not in scope or explicitly omit them:
  omit [DecidableEq K] in theorem ...

Note: This linter can be disabled with `set_option linter.unusedSectionVars false`
warning: AFPBarrier/QuadraticSphereResidual.lean:137:44: This simp argument is unused:
  Pi.smul_apply

Hint: Omit it from the simp argument list.
  simp only [sphereResidualMatrix, traceFreeProjection,
  ̵  ̵ ̵ ̵jumpCovarianceMatrix, Matrix.add_apply, ̵P̵i̵.̵s̵m̵u̵l̵_̵a̵p̵p̵l̵y̵,̵
      Matrix.vecMulVec_apply, smul_eq_mul]

Note: This linter can be disabled with `set_option linter.unusedSimpArgs false`
warning: AFPBarrier/QuadraticSphereResidual.lean:138:4: This simp argument is unused:
  Matrix.vecMulVec_apply

Hint: Omit it from the simp argument list.
  simp only [sphereResidualMatrix, traceFreeProjection, jumpCovarianceMatrix, Matrix.add_apply,
  ̲  ̲ ̲ ̲Pi.smul_apply, M̵a̵t̵r̵i̵x̵.̵v̵e̵c̵M̵u̵l̵V̵e̵c̵_̵a̵p̵p̵l̵y̵,̵ ̵smul_eq_mul]

Note: This linter can be disabled with `set_option linter.unusedSimpArgs false`
warning: AFPBarrier/QuadraticSphereResidual.lean:138:28: This simp argument is unused:
  smul_eq_mul

Hint: Omit it from the simp argument list.
  simp only [sphereResidualMatrix, traceFreeProjection, jumpCovarianceMatrix, Matrix.add_apply,
  ̲  ̲ ̲ ̲Pi.smul_apply, M̵a̵t̵r̵i̵x̵.̵v̵e̵c̵M̵u̵l̵V̵e̵c̵_̵a̵p̵p̵l̵y̵,̵ ̵s̵m̵u̵l̵_̵e̵q̵_̵m̵u̵l̵]̵M̲a̲t̲r̲i̲x̲.̲v̲e̲c̲M̲u̲l̲V̲e̲c̲_̲a̲p̲p̲l̲y̲]̲

Note: This linter can be disabled with `set_option linter.unusedSimpArgs false`
warning: AFPBarrier/QuadraticSphereResidual.lean:158:0: automatically included section variable(s) unused in theorem `AFPBarrier.sphereCovarianceAddOuter_isSymm`:
  [Fintype K]
  [DecidableEq K]
consider restructuring your `variable` declarations so that the variables are not in scope or explicitly omit them:
  omit [Fintype K] [DecidableEq K] in theorem ...

Note: This linter can be disabled with `set_option linter.unusedSectionVars false`
warning: AFPBarrier/QuadraticSphereResidual.lean:249:0: automatically included section variable(s) unused in theorem `AFPBarrier.matrixFrobeniusPairing_covariance_add_outer`:
  [DecidableEq K]
consider restructuring your `variable` declarations so that the variables are not in scope or explicitly omit them:
  omit [DecidableEq K] in theorem ...

Note: This linter can be disabled with `set_option linter.unusedSectionVars false`
warning: AFPBarrier/QuadraticSphereResidual.lean:260:31: This simp argument is unused:
  Pi.smul_apply

Hint: Omit it from the simp argument list.
  simp only [Matrix.add_apply, P̵i̵.̵s̵m̵u̵l̵_̵a̵p̵p̵l̵y̵,̵ ̵Matrix.vecMulVec_apply, smul_eq_mul]

Note: This linter can be disabled with `set_option linter.unusedSimpArgs false`
warning: AFPBarrier/QuadraticSphereResidual.lean:260:46: This simp argument is unused:
  Matrix.vecMulVec_apply

Hint: Omit it from the simp argument list.
  simp only [Matrix.add_apply, Pi.smul_apply, M̵a̵t̵r̵i̵x̵.̵v̵e̵c̵M̵u̵l̵V̵e̵c̵_̵a̵p̵p̵l̵y̵,̵
  ̵ ̵ ̵ ̵ ̵smul_eq_mul]

Note: This linter can be disabled with `set_option linter.unusedSimpArgs false`
warning: AFPBarrier/QuadraticSphereResidual.lean:261:4: This simp argument is unused:
  smul_eq_mul

Hint: Omit it from the simp argument list.
  simp only [Matrix.add_apply, Pi.smul_apply, Matrix.vecMulVec_apply,̵
  ̵ ̵ ̵ ̵ ̵s̵m̵u̵l̵_̵e̵q̵_̵m̵u̵l̵]

Note: This linter can be disabled with `set_option linter.unusedSimpArgs false`
warning: AFPBarrier/QuadraticSphereResidual.lean:398:0: automatically included section variable(s) unused in theorem `AFPBarrier.sphereSamplingKernel_le_formExact`:
  [DecidableEq K]
consider restructuring your `variable` declarations so that the variables are not in scope or explicitly omit them:
  omit [DecidableEq K] in theorem ...

Note: This linter can be disabled with `set_option linter.unusedSectionVars false`
warning: AFPBarrier/QuadraticSphereResidual.lean:407:0: automatically included section variable(s) unused in theorem `AFPBarrier.sphereSampledExact_eq_range_inf_targetKernel`:
  [DecidableEq K]
consider restructuring your `variable` declarations so that the variables are not in scope or explicitly omit them:
  omit [DecidableEq K] in theorem ...

Note: This linter can be disabled with `set_option linter.unusedSectionVars false`
warning: AFPBarrier/QuadraticSphereResidual.lean:420:0: automatically included section variable(s) unused in theorem `AFPBarrier.sphereSampledExact_finrank_eq_form_sub_alias`:
  [DecidableEq K]
consider restructuring your `variable` declarations so that the variables are not in scope or explicitly omit them:
  omit [DecidableEq K] in theorem ...

Note: This linter can be disabled with `set_option linter.unusedSectionVars false`
warning: AFPBarrier/QuadraticSphereResidual.lean:432:0: automatically included section variable(s) unused in theorem `AFPBarrier.sphereSampledExact_finrank_eq_samplingRank_sub_residualRank`:
  [DecidableEq K]
consider restructuring your `variable` declarations so that the variables are not in scope or explicitly omit them:
  omit [DecidableEq K] in theorem ...

Note: This linter can be disabled with `set_option linter.unusedSectionVars false`
⚠ [3106/3118] Replayed AFPBarrier.OneShellQuadraticRigidity
info: AFPBarrier/OneShellQuadraticRigidity.lean:100:20: Try this:
  [apply] ring_nf

  The `ring` tactic failed to close the goal. Use `ring_nf` to obtain a normal form.

  Note that `ring` works primarily in *commutative* rings. If you have a noncommutative ring, abelian group or module, consider using `noncomm_ring`, `abel` or `module` instead.
warning: AFPBarrier/OneShellQuadraticRigidity.lean:47:0: automatically included section variable(s) unused in theorem `AFPBarrier.oneShell_radial_rate`:
  [DecidableEq K]
consider restructuring your `variable` declarations so that the variables are not in scope or explicitly omit them:
  omit [DecidableEq K] in theorem ...

Note: This linter can be disabled with `set_option linter.unusedSectionVars false`
warning: AFPBarrier/OneShellQuadraticRigidity.lean:125:0: automatically included section variable(s) unused in theorem `AFPBarrier.oneShell_tangent_balance`:
  [Fintype K]
  [DecidableEq K]
consider restructuring your `variable` declarations so that the variables are not in scope or explicitly omit them:
  omit [Fintype K] [DecidableEq K] in theorem ...

Note: This linter can be disabled with `set_option linter.unusedSectionVars false`
warning: AFPBarrier/OneShellQuadraticRigidity.lean:169:0: automatically included section variable(s) unused in theorem `AFPBarrier.oneShell_covariance_expansion`:
  [Fintype K]
  [DecidableEq K]
consider restructuring your `variable` declarations so that the variables are not in scope or explicitly omit them:
  omit [Fintype K] [DecidableEq K] in theorem ...

Note: This linter can be disabled with `set_option linter.unusedSectionVars false`
⚠ [3108/3118] Replayed AFPBarrier.SharpProductBarriers
warning: AFPBarrier/SharpProductBarriers.lean:125:13: unused variable `hn`

Note: This linter can be disabled with `set_option linter.unusedVariables false`
warning: AFPBarrier/SharpProductBarriers.lean:140:13: unused variable `hn`

Note: This linter can be disabled with `set_option linter.unusedVariables false`
⚠ [3109/3118] Replayed AFPBarrier.QuadraticFidelityFoundation
warning: AFPBarrier/QuadraticFidelityFoundation.lean:49:0: automatically included section variable(s) unused in theorem `AFPBarrier.weightedFrobeniusRowSynthesis_adjoint`:
  [DecidableEq I]
  [DecidableEq K]
consider restructuring your `variable` declarations so that the variables are not in scope or explicitly omit them:
  omit [DecidableEq I] [DecidableEq K] in theorem ...

Note: This linter can be disabled with `set_option linter.unusedSectionVars false`
warning: AFPBarrier/QuadraticFidelityFoundation.lean:113:0: automatically included section variable(s) unused in theorem `AFPBarrier.sphereSamplingLinear_eq_frobeniusRowAnalysis`:
  [Fintype I]
  [DecidableEq I]
consider restructuring your `variable` declarations so that the variables are not in scope or explicitly omit them:
  omit [Fintype I] [DecidableEq I] in theorem ...

Note: This linter can be disabled with `set_option linter.unusedSectionVars false`
warning: AFPBarrier/QuadraticFidelityFoundation.lean:206:0: automatically included section variable(s) unused in theorem `AFPBarrier.frobeniusRowRemainder_pairing`:
  [DecidableEq K]
consider restructuring your `variable` declarations so that the variables are not in scope or explicitly omit them:
  omit [DecidableEq K] in theorem ...

Note: This linter can be disabled with `set_option linter.unusedSectionVars false`
warning: AFPBarrier/QuadraticFidelityFoundation.lean:225:0: automatically included section variable(s) unused in theorem `AFPBarrier.matrixFrobeniusNormSq_rowRemainder`:
  [DecidableEq K]
consider restructuring your `variable` declarations so that the variables are not in scope or explicitly omit them:
  omit [DecidableEq K] in theorem ...

Note: This linter can be disabled with `set_option linter.unusedSectionVars false`
warning: AFPBarrier/QuadraticFidelityFoundation.lean:276:5: unused variable `hd0`

Note: This linter can be disabled with `set_option linter.unusedVariables false`
⚠ [3111/3118] Replayed AFPBarrier.QuadraticFidelityLowerBound
warning: AFPBarrier/QuadraticFidelityLowerBound.lean:44:0: automatically included section variable(s) unused in theorem `AFPBarrier.coordinateRowAnalysis_coordinateUnit`:
  [Fintype I]
  [DecidableEq I]
consider restructuring your `variable` declarations so that the variables are not in scope or explicitly omit them:
  omit [Fintype I] [DecidableEq I] in theorem ...

Note: This linter can be disabled with `set_option linter.unusedSectionVars false`
⚠ [3112/3118] Replayed AFPBarrier.SphericalQEqualityRigidity
warning: AFPBarrier/SphericalQEqualityRigidity.lean:35:0: automatically included section variable(s) unused in theorem `AFPBarrier.sphericalChordLoss_symmetric`:
  [Fintype ι]
  [DecidableEq ι]
consider restructuring your `variable` declarations so that the variables are not in scope or explicitly omit them:
  omit [Fintype ι] [DecidableEq ι] in theorem ...

Note: This linter can be disabled with `set_option linter.unusedSectionVars false`
warning: AFPBarrier/SphericalQEqualityRigidity.lean:243:0: automatically included section variable(s) unused in theorem `AFPBarrier.weightedSecondMoment_sub_one_eq_variance`:
  [Fintype ι]
  [DecidableEq ι]
consider restructuring your `variable` declarations so that the variables are not in scope or explicitly omit them:
  omit [Fintype ι] [DecidableEq ι] in theorem ...

Note: This linter can be disabled with `set_option linter.unusedSectionVars false`
warning: AFPBarrier/SphericalQEqualityRigidity.lean:343:0: automatically included section variable(s) unused in theorem `AFPBarrier.active_symmetric_of_shared_conductance`:
  [Fintype ι]
  [DecidableEq ι]
consider restructuring your `variable` declarations so that the variables are not in scope or explicitly omit them:
  omit [Fintype ι] [DecidableEq ι] in theorem ...

Note: This linter can be disabled with `set_option linter.unusedSectionVars false`
warning: AFPBarrier/SphericalQEqualityRigidity.lean:361:0: automatically included section variable(s) unused in theorem `AFPBarrier.connected_spherical_active_loss_rigidity`:
  [Fintype ι]
  [DecidableEq ι]
consider restructuring your `variable` declarations so that the variables are not in scope or explicitly omit them:
  omit [Fintype ι] [DecidableEq ι] in theorem ...

Note: This linter can be disabled with `set_option linter.unusedSectionVars false`
⚠ [3113/3118] Replayed AFPBarrier.QuantitativeGlobalNearRigidity
warning: AFPBarrier/QuantitativeGlobalNearRigidity.lean:558:5: unused variable `hs`

Note: This linter can be disabled with `set_option linter.unusedVariables false`
⚠ [3114/3118] Replayed AFPBarrier.QEqualityCovariance
warning: AFPBarrier/QEqualityCovariance.lean:79:0: automatically included section variable(s) unused in theorem `AFPBarrier.normalizedTangent_centered_of_barycenter`:
  [Fintype ι]
  [DecidableEq ι]
consider restructuring your `variable` declarations so that the variables are not in scope or explicitly omit them:
  omit [Fintype ι] [DecidableEq ι] in theorem ...

Note: This linter can be disabled with `set_option linter.unusedSectionVars false`
warning: AFPBarrier/QEqualityCovariance.lean:121:0: automatically included section variable(s) unused in theorem `AFPBarrier.normalizedTangentSecondMoment_trace_one`:
  [Fintype ι]
  [DecidableEq ι]
consider restructuring your `variable` declarations so that the variables are not in scope or explicitly omit them:
  omit [Fintype ι] [DecidableEq ι] in theorem ...

Note: This linter can be disabled with `set_option linter.unusedSectionVars false`
warning: AFPBarrier/QEqualityCovariance.lean:148:0: automatically included section variable(s) unused in theorem `AFPBarrier.weighted_centered_affine_product_sum`:
  [Fintype ι]
  [DecidableEq ι]
consider restructuring your `variable` declarations so that the variables are not in scope or explicitly omit them:
  omit [Fintype ι] [DecidableEq ι] in theorem ...

Note: This linter can be disabled with `set_option linter.unusedSectionVars false`
warning: AFPBarrier/QEqualityCovariance.lean:308:0: automatically included section variable(s) unused in theorem `AFPBarrier.oneShellSecondMoment_eq_rate_mul_normalized`:
  [Fintype ι]
  [DecidableEq ι]
consider restructuring your `variable` declarations so that the variables are not in scope or explicitly omit them:
  omit [Fintype ι] [DecidableEq ι] in theorem ...

Note: This linter can be disabled with `set_option linter.unusedSectionVars false`
⚠ [3115/3118] Replayed AFPBarrier.QuadraticEqualityGeometry
warning: AFPBarrier/QuadraticEqualityGeometry.lean:29:0: automatically included section variable(s) unused in theorem `AFPBarrier.increment_radial_tangent_decomposition`:
  [Fintype K]
  [DecidableEq K]
consider restructuring your `variable` declarations so that the variables are not in scope or explicitly omit them:
  omit [Fintype K] [DecidableEq K] in theorem ...

Note: This linter can be disabled with `set_option linter.unusedSectionVars false`
warning: AFPBarrier/QuadraticEqualityGeometry.lean:38:0: automatically included section variable(s) unused in theorem `AFPBarrier.projectedTangentIncrement_orthogonal`:
  [DecidableEq K]
consider restructuring your `variable` declarations so that the variables are not in scope or explicitly omit them:
  omit [DecidableEq K] in theorem ...

Note: This linter can be disabled with `set_option linter.unusedSectionVars false`
warning: AFPBarrier/QuadraticEqualityGeometry.lean:58:0: automatically included section variable(s) unused in theorem `AFPBarrier.projectedTangentIncrement_normSq`:
  [DecidableEq K]
consider restructuring your `variable` declarations so that the variables are not in scope or explicitly omit them:
  omit [DecidableEq K] in theorem ...

Note: This linter can be disabled with `set_option linter.unusedSectionVars false`
warning: AFPBarrier/QuadraticEqualityGeometry.lean:109:0: automatically included section variable(s) unused in theorem `AFPBarrier.oneShell_axialCovariance_iff_tangentSecondMoment`:
  [Fintype I]
  [DecidableEq I]
consider restructuring your `variable` declarations so that the variables are not in scope or explicitly omit them:
  omit [Fintype I] [DecidableEq I] in theorem ...

Note: This linter can be disabled with `set_option linter.unusedSectionVars false`
warning: AFPBarrier/QuadraticEqualityGeometry.lean:144:0: automatically included section variable(s) unused in theorem `AFPBarrier.oneShellSecondMoment_scaled`:
  [Fintype I]
  [DecidableEq I]
  [Fintype K]
  [DecidableEq K]
consider restructuring your `variable` declarations so that the variables are not in scope or explicitly omit them:
  omit [Fintype I] [DecidableEq I] [Fintype K] [DecidableEq K] in theorem ...

Note: This linter can be disabled with `set_option linter.unusedSectionVars false`
warning: AFPBarrier/QuadraticEqualityGeometry.lean:193:0: automatically included section variable(s) unused in theorem `AFPBarrier.oneShell_normalizedWeights_sum_one`:
  [Fintype I]
  [DecidableEq I]
consider restructuring your `variable` declarations so that the variables are not in scope or explicitly omit them:
  omit [Fintype I] [DecidableEq I] in theorem ...

Note: This linter can be disabled with `set_option linter.unusedSectionVars false`
⚠ [3116/3118] Replayed AFPBarrier.QuadraticFidelityStability
warning: AFPBarrier/QuadraticFidelityStability.lean:30:0: automatically included section variable(s) unused in theorem `AFPBarrier.quadraticStability_total_sq_budget`:
  [DecidableEq I]
consider restructuring your `variable` declarations so that the variables are not in scope or explicitly omit them:
  omit [DecidableEq I] in theorem ...

Note: This linter can be disabled with `set_option linter.unusedSectionVars false`
warning: AFPBarrier/QuadraticFidelityStability.lean:55:0: automatically included section variable(s) unused in theorem `AFPBarrier.quadraticStability_total_linear_budget`:
  [DecidableEq I]
consider restructuring your `variable` declarations so that the variables are not in scope or explicitly omit them:
  omit [DecidableEq I] in theorem ...

Note: This linter can be disabled with `set_option linter.unusedSectionVars false`
warning: AFPBarrier/QuadraticFidelityStability.lean:58:5: unused variable `hq`

Note: This linter can be disabled with `set_option linter.unusedVariables false`
warning: AFPBarrier/QuadraticFidelityStability.lean:83:0: automatically included section variable(s) unused in theorem `AFPBarrier.quadraticStability_component_sq_budget`:
  [DecidableEq I]
consider restructuring your `variable` declarations so that the variables are not in scope or explicitly omit them:
  omit [DecidableEq I] in theorem ...

Note: This linter can be disabled with `set_option linter.unusedSectionVars false`
warning: AFPBarrier/QuadraticFidelityStability.lean:116:0: automatically included section variable(s) unused in theorem `AFPBarrier.quadraticStability_pointwise_sq_budget`:
  [DecidableEq I]
consider restructuring your `variable` declarations so that the variables are not in scope or explicitly omit them:
  omit [DecidableEq I] in theorem ...

Note: This linter can be disabled with `set_option linter.unusedSectionVars false`
warning: AFPBarrier/QuadraticFidelityStability.lean:131:0: automatically included section variable(s) unused in theorem `AFPBarrier.quadraticStability_pointwise_sq_budget_of_wmin`:
  [DecidableEq I]
consider restructuring your `variable` declarations so that the variables are not in scope or explicitly omit them:
  omit [DecidableEq I] in theorem ...

Note: This linter can be disabled with `set_option linter.unusedSectionVars false`
warning: AFPBarrier/QuadraticFidelityStability.lean:154:0: automatically included section variable(s) unused in theorem `AFPBarrier.quadraticStability_badVertexMass`:
  [DecidableEq I]
consider restructuring your `variable` declarations so that the variables are not in scope or explicitly omit them:
  omit [DecidableEq I] in theorem ...

Note: This linter can be disabled with `set_option linter.unusedSectionVars false`
warning: AFPBarrier/QuadraticFidelityStability.lean:179:0: automatically included section variable(s) unused in theorem `AFPBarrier.quadraticStability_badVertexMass_sharp`:
  [DecidableEq I]
consider restructuring your `variable` declarations so that the variables are not in scope or explicitly omit them:
  omit [DecidableEq I] in theorem ...

Note: This linter can be disabled with `set_option linter.unusedSectionVars false`
warning: AFPBarrier/QuadraticFidelityStability.lean:209:0: automatically included section variable(s) unused in theorem `AFPBarrier.quadraticStability_pointwise_full_budget`:
  [DecidableEq I]
consider restructuring your `variable` declarations so that the variables are not in scope or explicitly omit them:
  omit [DecidableEq I] in theorem ...

Note: This linter can be disabled with `set_option linter.unusedSectionVars false`
warning: AFPBarrier/QuadraticFidelityStability.lean:229:0: automatically included section variable(s) unused in theorem `AFPBarrier.quadraticStability_tensor_budget`:
  [DecidableEq I]
consider restructuring your `variable` declarations so that the variables are not in scope or explicitly omit them:
  omit [DecidableEq I] in theorem ...

Note: This linter can be disabled with `set_option linter.unusedSectionVars false`
warning: AFPBarrier/QuadraticFidelityStability.lean:235:5: unused variable `hEB`

Note: This linter can be disabled with `set_option linter.unusedVariables false`
warning: AFPBarrier/QuadraticFidelityStability.lean:257:10: 'ring' tactic does nothing

Note: This linter can be disabled with `set_option linter.unusedTactic false`
warning: AFPBarrier/QuadraticFidelityStability.lean:257:10: this tactic is never executed

Note: This linter can be disabled with `set_option linter.unreachableTactic false`
warning: AFPBarrier/QuadraticFidelityStability.lean:288:0: automatically included section variable(s) unused in theorem `AFPBarrier.quadraticStability_scaledVariance_sq_budget`:
  [DecidableEq I]
consider restructuring your `variable` declarations so that the variables are not in scope or explicitly omit them:
  omit [DecidableEq I] in theorem ...

Note: This linter can be disabled with `set_option linter.unusedSectionVars false`
warning: AFPBarrier/QuadraticFidelityStability.lean:290:5: unused variable `hw`

Note: This linter can be disabled with `set_option linter.unusedVariables false`
warning: AFPBarrier/QuadraticFidelityStability.lean:332:5: unused variable `hm`

Note: This linter can be disabled with `set_option linter.unusedVariables false`
warning: AFPBarrier/QuadraticFidelityStability.lean:347:0: automatically included section variable(s) unused in theorem `AFPBarrier.quadraticStability_weightedMean_le_delta`:
  [DecidableEq I]
consider restructuring your `variable` declarations so that the variables are not in scope or explicitly omit them:
  omit [DecidableEq I] in theorem ...

Note: This linter can be disabled with `set_option linter.unusedSectionVars false`
Build completed successfully (3118 jobs).
